[INFO] Scanning for projects...
[INFO] 
[INFO] ----------------------------< com.cms:cms >-----------------------------
[INFO] Building cms 1.0.0-SNAPSHOT
[INFO]   from pom.xml
[INFO] --------------------------------[ jar ]---------------------------------
[INFO] 
[INFO] --- resources:3.3.1:resources (default-resources) @ cms ---
[INFO] Copying 3 resources from src\main\resources to target\classes
[INFO] Copying 6 resources from src\main\resources to target\classes
[INFO] 
[INFO] --- compiler:3.11.0:compile (default-compile) @ cms ---
[INFO] Changes detected - recompiling the module! :source
[INFO] Compiling 74 source files with javac [debug release 17] to target\classes
[INFO] -------------------------------------------------------------
[ERROR] COMPILATION ERROR : 
[INFO] -------------------------------------------------------------
[ERROR] /C:/Users/sree/Desktop/cms/src/main/java/com/cms/service/MediaService.java:[85,60] cannot find symbol
  symbol:   method getId()
  location: variable currentUser of type com.cms.security.UserPrincipal
[ERROR] /C:/Users/sree/Desktop/cms/src/main/java/com/cms/service/MediaService.java:[86,91] cannot find symbol
  symbol:   method getId()
  location: variable currentUser of type com.cms.security.UserPrincipal
[ERROR] /C:/Users/sree/Desktop/cms/src/main/java/com/cms/service/MediaService.java:[92,28] cannot find symbol
  symbol:   method builder()
  location: class com.cms.entity.Media
[ERROR] /C:/Users/sree/Desktop/cms/src/main/java/com/cms/service/MediaService.java:[103,9] cannot find symbol
  symbol:   variable log
  location: class com.cms.service.MediaService
[ERROR] /C:/Users/sree/Desktop/cms/src/main/java/com/cms/service/MediaService.java:[103,61] cannot find symbol
  symbol:   method getId()
  location: variable savedMedia of type com.cms.entity.Media
[ERROR] /C:/Users/sree/Desktop/cms/src/main/java/com/cms/service/MediaService.java:[103,82] cannot find symbol
  symbol:   method getId()
  location: variable currentUser of type com.cms.security.UserPrincipal
[ERROR] /C:/Users/sree/Desktop/cms/src/main/java/com/cms/service/MediaService.java:[113,20] cannot find symbol
  symbol:   method getTitle()
  location: variable request of type com.cms.dto.request.MediaUpdateRequest
[ERROR] /C:/Users/sree/Desktop/cms/src/main/java/com/cms/service/MediaService.java:[114,35] cannot find symbol
  symbol:   method getTitle()
  location: variable request of type com.cms.dto.request.MediaUpdateRequest
[ERROR] /C:/Users/sree/Desktop/cms/src/main/java/com/cms/service/MediaService.java:[117,20] cannot find symbol
  symbol:   method getAltText()
  location: variable request of type com.cms.dto.request.MediaUpdateRequest
[ERROR] /C:/Users/sree/Desktop/cms/src/main/java/com/cms/service/MediaService.java:[118,37] cannot find symbol
  symbol:   method getAltText()
  location: variable request of type com.cms.dto.request.MediaUpdateRequest
[ERROR] /C:/Users/sree/Desktop/cms/src/main/java/com/cms/service/MediaService.java:[121,20] cannot find symbol
  symbol:   method getDescription()
  location: variable request of type com.cms.dto.request.MediaUpdateRequest
[ERROR] /C:/Users/sree/Desktop/cms/src/main/java/com/cms/service/MediaService.java:[122,41] cannot find symbol
  symbol:   method getDescription()
  location: variable request of type com.cms.dto.request.MediaUpdateRequest
[ERROR] /C:/Users/sree/Desktop/cms/src/main/java/com/cms/service/MediaService.java:[126,9] cannot find symbol
  symbol:   variable log
  location: class com.cms.service.MediaService
[ERROR] /C:/Users/sree/Desktop/cms/src/main/java/com/cms/service/MediaService.java:[126,49] cannot find symbol
  symbol:   method getId()
  location: variable savedMedia of type com.cms.entity.Media
[ERROR] /C:/Users/sree/Desktop/cms/src/main/java/com/cms/service/MediaService.java:[135,41] cannot find symbol
  symbol:   method getStoragePath()
  location: variable media of type com.cms.entity.Media
[ERROR] /C:/Users/sree/Desktop/cms/src/main/java/com/cms/service/MediaService.java:[144,36] cannot find symbol
  symbol:   method getStoragePath()
  location: variable media of type com.cms.entity.Media
[ERROR] /C:/Users/sree/Desktop/cms/src/main/java/com/cms/service/MediaService.java:[148,9] cannot find symbol
  symbol:   variable log
  location: class com.cms.service.MediaService
[ERROR] /C:/Users/sree/Desktop/cms/src/main/java/com/cms/entity/User.java:[70,38] cannot find symbol
  symbol:   method getPermissions()
  location: variable role of type com.cms.entity.Role
[ERROR] /C:/Users/sree/Desktop/cms/src/main/java/com/cms/entity/User.java:[71,51] cannot find symbol
  symbol:   method getName()
  location: variable permission of type java.lang.Object
[ERROR] /C:/Users/sree/Desktop/cms/src/main/java/com/cms/entity/User.java:[76,39] cannot find symbol
  symbol:   method getName()
  location: variable role of type com.cms.entity.Role
[ERROR] /C:/Users/sree/Desktop/cms/src/main/java/com/cms/dto/response/PageResponse.java:[27,28] cannot find symbol
  symbol:   method <T>builder()
  location: class com.cms.dto.response.PageResponse
[ERROR] /C:/Users/sree/Desktop/cms/src/main/java/com/cms/dto/response/MediaResponse.java:[48,46] cannot find symbol
  symbol:   method getId()
  location: variable media of type com.cms.entity.Media
[ERROR] /C:/Users/sree/Desktop/cms/src/main/java/com/cms/dto/response/MediaResponse.java:[41,29] cannot find symbol
  symbol:   method builder()
  location: class com.cms.dto.response.MediaResponse
[ERROR] /C:/Users/sree/Desktop/cms/src/main/java/com/cms/dto/response/MediaResponse.java:[42,26] cannot find symbol
  symbol:   method getId()
  location: variable media of type com.cms.entity.Media
[ERROR] /C:/Users/sree/Desktop/cms/src/main/java/com/cms/dto/response/MediaResponse.java:[43,32] cannot find symbol
  symbol:   method getFilename()
  location: variable media of type com.cms.entity.Media
[ERROR] /C:/Users/sree/Desktop/cms/src/main/java/com/cms/dto/response/MediaResponse.java:[44,36] cannot find symbol
  symbol:   method getOriginalName()
  location: variable media of type com.cms.entity.Media
[ERROR] /C:/Users/sree/Desktop/cms/src/main/java/com/cms/dto/response/MediaResponse.java:[45,32] cannot find symbol
  symbol:   method getMimeType()
  location: variable media of type com.cms.entity.Media
[ERROR] /C:/Users/sree/Desktop/cms/src/main/java/com/cms/dto/response/MediaResponse.java:[46,32] cannot find symbol
  symbol:   method getFileSize()
  location: variable media of type com.cms.entity.Media
[ERROR] /C:/Users/sree/Desktop/cms/src/main/java/com/cms/dto/response/MediaResponse.java:[49,31] cannot find symbol
  symbol:   method getAltText()
  location: variable media of type com.cms.entity.Media
[ERROR] /C:/Users/sree/Desktop/cms/src/main/java/com/cms/dto/response/MediaResponse.java:[50,29] cannot find symbol
  symbol:   method getTitle()
  location: variable media of type com.cms.entity.Media
[ERROR] /C:/Users/sree/Desktop/cms/src/main/java/com/cms/dto/response/MediaResponse.java:[51,35] cannot find symbol
  symbol:   method getDescription()
  location: variable media of type com.cms.entity.Media
[ERROR] /C:/Users/sree/Desktop/cms/src/main/java/com/cms/dto/response/MediaResponse.java:[52,39] cannot find symbol
  symbol:   method builder()
  location: class com.cms.dto.response.MediaResponse.UploaderInfo
[ERROR] /C:/Users/sree/Desktop/cms/src/main/java/com/cms/dto/response/MediaResponse.java:[53,34] cannot find symbol
  symbol:   method getUploader()
  location: variable media of type com.cms.entity.Media
[ERROR] /C:/Users/sree/Desktop/cms/src/main/java/com/cms/dto/response/MediaResponse.java:[54,40] cannot find symbol
  symbol:   method getUploader()
  location: variable media of type com.cms.entity.Media
[ERROR] /C:/Users/sree/Desktop/cms/src/main/java/com/cms/dto/response/MediaResponse.java:[55,43] cannot find symbol
  symbol:   method getUploader()
  location: variable media of type com.cms.entity.Media
[ERROR] /C:/Users/sree/Desktop/cms/src/main/java/com/cms/dto/response/MediaResponse.java:[57,33] cannot find symbol
  symbol:   method getCreatedAt()
  location: variable media of type com.cms.entity.Media
[ERROR] /C:/Users/sree/Desktop/cms/src/main/java/com/cms/security/UserPrincipal.java:[28,49] cannot find symbol
  symbol:   method getRoles()
  location: variable user of type com.cms.entity.User
[ERROR] /C:/Users/sree/Desktop/cms/src/main/java/com/cms/security/UserPrincipal.java:[42,21] cannot find symbol
  symbol:   method getIsActive()
  location: variable user of type com.cms.entity.User
[ERROR] /C:/Users/sree/Desktop/cms/src/main/java/com/cms/security/UserPrincipal.java:[41,21] cannot find symbol
  symbol:   method getPasswordHash()
  location: variable user of type com.cms.entity.User
[ERROR] /C:/Users/sree/Desktop/cms/src/main/java/com/cms/security/UserPrincipal.java:[40,21] cannot find symbol
  symbol:   method getUsername()
  location: variable user of type com.cms.entity.User
[ERROR] /C:/Users/sree/Desktop/cms/src/main/java/com/cms/security/UserPrincipal.java:[39,21] cannot find symbol
  symbol:   method getEmail()
  location: variable user of type com.cms.entity.User
[ERROR] /C:/Users/sree/Desktop/cms/src/main/java/com/cms/security/UserPrincipal.java:[38,21] cannot find symbol
  symbol:   method getId()
  location: variable user of type com.cms.entity.User
[ERROR] /C:/Users/sree/Desktop/cms/src/main/java/com/cms/entity/Role.java:[57,33] cannot find symbol
  symbol:   method getName()
  location: variable p of type com.cms.entity.Permission
[ERROR] /C:/Users/sree/Desktop/cms/src/main/java/com/cms/entity/Content.java:[108,39] cannot find symbol
  symbol:   method builder()
  location: class com.cms.entity.ContentMeta
[ERROR] /C:/Users/sree/Desktop/cms/src/main/java/com/cms/entity/Content.java:[118,31] cannot find symbol
  symbol:   method getMetaKey()
  location: variable m of type com.cms.entity.ContentMeta
[ERROR] /C:/Users/sree/Desktop/cms/src/main/java/com/cms/entity/Content.java:[120,22] invalid method reference
  cannot find symbol
    symbol:   method getMetaValue()
    location: class com.cms.entity.ContentMeta
[ERROR] /C:/Users/sree/Desktop/cms/src/main/java/com/cms/dto/response/ContentResponse.java:[51,31] cannot find symbol
  symbol:   method builder()
  location: class com.cms.dto.response.ContentResponse
[ERROR] /C:/Users/sree/Desktop/cms/src/main/java/com/cms/dto/response/ContentResponse.java:[52,28] cannot find symbol
  symbol:   method getId()
  location: variable content of type com.cms.entity.Content
[ERROR] /C:/Users/sree/Desktop/cms/src/main/java/com/cms/dto/response/ContentResponse.java:[53,30] cannot find symbol
  symbol:   method getType()
  location: variable content of type com.cms.entity.Content
[ERROR] /C:/Users/sree/Desktop/cms/src/main/java/com/cms/dto/response/ContentResponse.java:[54,31] cannot find symbol
  symbol:   method getTitle()
  location: variable content of type com.cms.entity.Content
[ERROR] /C:/Users/sree/Desktop/cms/src/main/java/com/cms/dto/response/ContentResponse.java:[55,30] cannot find symbol
  symbol:   method getSlug()
  location: variable content of type com.cms.entity.Content
[ERROR] /C:/Users/sree/Desktop/cms/src/main/java/com/cms/dto/response/ContentResponse.java:[56,33] cannot find symbol
  symbol:   method getExcerpt()
  location: variable content of type com.cms.entity.Content
[ERROR] /C:/Users/sree/Desktop/cms/src/main/java/com/cms/dto/response/ContentResponse.java:[57,37] cannot find symbol
  symbol:   method getContentHtml()
  location: variable content of type com.cms.entity.Content
[ERROR] /C:/Users/sree/Desktop/cms/src/main/java/com/cms/dto/response/ContentResponse.java:[58,37] cannot find symbol
  symbol:   method getContentJson()
  location: variable content of type com.cms.entity.Content
[ERROR] /C:/Users/sree/Desktop/cms/src/main/java/com/cms/dto/response/ContentResponse.java:[59,39] cannot find symbol
  symbol:   method getFeaturedImage()
  location: variable content of type com.cms.entity.Content
[ERROR] /C:/Users/sree/Desktop/cms/src/main/java/com/cms/dto/response/ContentResponse.java:[59,101] cannot find symbol
  symbol:   method getFeaturedImage()
  location: variable content of type com.cms.entity.Content
[ERROR] /C:/Users/sree/Desktop/cms/src/main/java/com/cms/dto/response/ContentResponse.java:[61,32] cannot find symbol
  symbol:   method getStatus()
  location: variable content of type com.cms.entity.Content
[ERROR] /C:/Users/sree/Desktop/cms/src/main/java/com/cms/dto/response/ContentResponse.java:[62,35] cannot find symbol
  symbol:   method builder()
  location: class com.cms.dto.response.ContentResponse.AuthorInfo
[ERROR] /C:/Users/sree/Desktop/cms/src/main/java/com/cms/dto/response/ContentResponse.java:[63,36] cannot find symbol
  symbol:   method getAuthor()
  location: variable content of type com.cms.entity.Content
[ERROR] /C:/Users/sree/Desktop/cms/src/main/java/com/cms/dto/response/ContentResponse.java:[64,42] cannot find symbol
  symbol:   method getAuthor()
  location: variable content of type com.cms.entity.Content
[ERROR] /C:/Users/sree/Desktop/cms/src/main/java/com/cms/dto/response/ContentResponse.java:[65,45] cannot find symbol
  symbol:   method getAuthor()
  location: variable content of type com.cms.entity.Content
[ERROR] /C:/Users/sree/Desktop/cms/src/main/java/com/cms/dto/response/ContentResponse.java:[66,43] cannot find symbol
  symbol:   method getAuthor()
  location: variable content of type com.cms.entity.Content
[ERROR] /C:/Users/sree/Desktop/cms/src/main/java/com/cms/dto/response/ContentResponse.java:[68,36] cannot find symbol
  symbol:   method getCategories()
  location: variable content of type com.cms.entity.Content
[ERROR] /C:/Users/sree/Desktop/cms/src/main/java/com/cms/dto/response/ContentResponse.java:[71,30] cannot find symbol
  symbol:   method getTags()
  location: variable content of type com.cms.entity.Content
[ERROR] /C:/Users/sree/Desktop/cms/src/main/java/com/cms/dto/response/ContentResponse.java:[74,36] cannot find symbol
  symbol:   method getMetaFields()
  location: variable content of type com.cms.entity.Content
[ERROR] /C:/Users/sree/Desktop/cms/src/main/java/com/cms/dto/response/ContentResponse.java:[76,39] cannot find symbol
  symbol:   method getMetaKey()
  location: variable m of type java.lang.Object
[ERROR] /C:/Users/sree/Desktop/cms/src/main/java/com/cms/dto/response/ContentResponse.java:[77,39] cannot find symbol
  symbol:   method getMetaValue()
  location: variable m of type java.lang.Object
[ERROR] /C:/Users/sree/Desktop/cms/src/main/java/com/cms/dto/response/ContentResponse.java:[77,66] cannot find symbol
  symbol:   method getMetaValue()
  location: variable m of type java.lang.Object
[ERROR] /C:/Users/sree/Desktop/cms/src/main/java/com/cms/dto/response/ContentResponse.java:[78,37] cannot find symbol
  symbol:   method getPublishedAt()
  location: variable content of type com.cms.entity.Content
[ERROR] /C:/Users/sree/Desktop/cms/src/main/java/com/cms/dto/response/ContentResponse.java:[79,35] cannot find symbol
  symbol:   method getCreatedAt()
  location: variable content of type com.cms.entity.Content
[ERROR] /C:/Users/sree/Desktop/cms/src/main/java/com/cms/dto/response/ContentResponse.java:[80,35] cannot find symbol
  symbol:   method getUpdatedAt()
  location: variable content of type com.cms.entity.Content
[ERROR] /C:/Users/sree/Desktop/cms/src/main/java/com/cms/dto/response/ContentResponse.java:[85,31] cannot find symbol
  symbol:   method builder()
  location: class com.cms.dto.response.ContentResponse
[ERROR] /C:/Users/sree/Desktop/cms/src/main/java/com/cms/dto/response/ContentResponse.java:[86,28] cannot find symbol
  symbol:   method getId()
  location: variable content of type com.cms.entity.Content
[ERROR] /C:/Users/sree/Desktop/cms/src/main/java/com/cms/dto/response/ContentResponse.java:[87,30] cannot find symbol
  symbol:   method getType()
  location: variable content of type com.cms.entity.Content
[ERROR] /C:/Users/sree/Desktop/cms/src/main/java/com/cms/dto/response/ContentResponse.java:[88,31] cannot find symbol
  symbol:   method getTitle()
  location: variable content of type com.cms.entity.Content
[ERROR] /C:/Users/sree/Desktop/cms/src/main/java/com/cms/dto/response/ContentResponse.java:[89,30] cannot find symbol
  symbol:   method getSlug()
  location: variable content of type com.cms.entity.Content
[ERROR] /C:/Users/sree/Desktop/cms/src/main/java/com/cms/dto/response/ContentResponse.java:[90,33] cannot find symbol
  symbol:   method getExcerpt()
  location: variable content of type com.cms.entity.Content
[ERROR] /C:/Users/sree/Desktop/cms/src/main/java/com/cms/dto/response/ContentResponse.java:[91,39] cannot find symbol
  symbol:   method getFeaturedImage()
  location: variable content of type com.cms.entity.Content
[ERROR] /C:/Users/sree/Desktop/cms/src/main/java/com/cms/dto/response/ContentResponse.java:[91,101] cannot find symbol
  symbol:   method getFeaturedImage()
  location: variable content of type com.cms.entity.Content
[ERROR] /C:/Users/sree/Desktop/cms/src/main/java/com/cms/dto/response/ContentResponse.java:[93,32] cannot find symbol
  symbol:   method getStatus()
  location: variable content of type com.cms.entity.Content
[ERROR] /C:/Users/sree/Desktop/cms/src/main/java/com/cms/dto/response/ContentResponse.java:[94,35] cannot find symbol
  symbol:   method builder()
  location: class com.cms.dto.response.ContentResponse.AuthorInfo
[ERROR] /C:/Users/sree/Desktop/cms/src/main/java/com/cms/dto/response/ContentResponse.java:[95,36] cannot find symbol
  symbol:   method getAuthor()
  location: variable content of type com.cms.entity.Content
[ERROR] /C:/Users/sree/Desktop/cms/src/main/java/com/cms/dto/response/ContentResponse.java:[96,42] cannot find symbol
  symbol:   method getAuthor()
  location: variable content of type com.cms.entity.Content
[ERROR] /C:/Users/sree/Desktop/cms/src/main/java/com/cms/dto/response/ContentResponse.java:[97,45] cannot find symbol
  symbol:   method getAuthor()
  location: variable content of type com.cms.entity.Content
[ERROR] /C:/Users/sree/Desktop/cms/src/main/java/com/cms/dto/response/ContentResponse.java:[99,37] cannot find symbol
  symbol:   method getPublishedAt()
  location: variable content of type com.cms.entity.Content
[ERROR] /C:/Users/sree/Desktop/cms/src/main/java/com/cms/dto/response/ContentResponse.java:[100,35] cannot find symbol
  symbol:   method getCreatedAt()
  location: variable content of type com.cms.entity.Content
[ERROR] /C:/Users/sree/Desktop/cms/src/main/java/com/cms/dto/response/ContentResponse.java:[101,35] cannot find symbol
  symbol:   method getUpdatedAt()
  location: variable content of type com.cms.entity.Content
[ERROR] /C:/Users/sree/Desktop/cms/src/main/java/com/cms/dto/response/CategoryResponse.java:[29,32] cannot find symbol
  symbol:   method builder()
  location: class com.cms.dto.response.CategoryResponse
[ERROR] /C:/Users/sree/Desktop/cms/src/main/java/com/cms/dto/response/CategoryResponse.java:[30,29] cannot find symbol
  symbol:   method getId()
  location: variable category of type com.cms.entity.Category
[ERROR] /C:/Users/sree/Desktop/cms/src/main/java/com/cms/dto/response/CategoryResponse.java:[31,31] cannot find symbol
  symbol:   method getName()
  location: variable category of type com.cms.entity.Category
[ERROR] /C:/Users/sree/Desktop/cms/src/main/java/com/cms/dto/response/CategoryResponse.java:[32,31] cannot find symbol
  symbol:   method getSlug()
  location: variable category of type com.cms.entity.Category
[ERROR] /C:/Users/sree/Desktop/cms/src/main/java/com/cms/dto/response/CategoryResponse.java:[33,38] cannot find symbol
  symbol:   method getDescription()
  location: variable category of type com.cms.entity.Category
[ERROR] /C:/Users/sree/Desktop/cms/src/main/java/com/cms/dto/response/CategoryResponse.java:[34,35] cannot find symbol
  symbol:   method getParent()
  location: variable category of type com.cms.entity.Category
[ERROR] /C:/Users/sree/Desktop/cms/src/main/java/com/cms/dto/response/CategoryResponse.java:[34,66] cannot find symbol
  symbol:   method getParent()
  location: variable category of type com.cms.entity.Category
[ERROR] /C:/Users/sree/Desktop/cms/src/main/java/com/cms/dto/response/CategoryResponse.java:[35,36] cannot find symbol
  symbol:   method getSortOrder()
  location: variable category of type com.cms.entity.Category
[ERROR] /C:/Users/sree/Desktop/cms/src/main/java/com/cms/dto/response/CategoryResponse.java:[36,36] cannot find symbol
  symbol:   method getCreatedAt()
  location: variable category of type com.cms.entity.Category
[ERROR] /C:/Users/sree/Desktop/cms/src/main/java/com/cms/dto/response/CategoryResponse.java:[41,32] cannot find symbol
  symbol:   method builder()
  location: class com.cms.dto.response.CategoryResponse
[ERROR] /C:/Users/sree/Desktop/cms/src/main/java/com/cms/dto/response/CategoryResponse.java:[42,29] cannot find symbol
  symbol:   method getId()
  location: variable category of type com.cms.entity.Category
[ERROR] /C:/Users/sree/Desktop/cms/src/main/java/com/cms/dto/response/CategoryResponse.java:[43,31] cannot find symbol
  symbol:   method getName()
  location: variable category of type com.cms.entity.Category
[ERROR] /C:/Users/sree/Desktop/cms/src/main/java/com/cms/dto/response/CategoryResponse.java:[44,31] cannot find symbol
  symbol:   method getSlug()
  location: variable category of type com.cms.entity.Category
[INFO] 100 errors 
[INFO] -------------------------------------------------------------
[INFO] ------------------------------------------------------------------------
[INFO] BUILD FAILURE
[INFO] ------------------------------------------------------------------------
[INFO] Total time:  12.125 s
[INFO] Finished at: 2026-02-01T18:56:07+05:30
[INFO] ------------------------------------------------------------------------
[ERROR] Failed to execute goal org.apache.maven.plugins:maven-compiler-plugin:3.11.0:compile (default-compile) on project cms: Compilation failure: Compilation failure: 
[ERROR] /C:/Users/sree/Desktop/cms/src/main/java/com/cms/service/MediaService.java:[85,60] cannot find symbol
[ERROR]   symbol:   method getId()
[ERROR]   location: variable currentUser of type com.cms.security.UserPrincipal
[ERROR] /C:/Users/sree/Desktop/cms/src/main/java/com/cms/service/MediaService.java:[86,91] cannot find symbol
[ERROR]   symbol:   method getId()
[ERROR]   location: variable currentUser of type com.cms.security.UserPrincipal
[ERROR] /C:/Users/sree/Desktop/cms/src/main/java/com/cms/service/MediaService.java:[92,28] cannot find symbol
[ERROR]   symbol:   method builder()
[ERROR]   location: class com.cms.entity.Media
[ERROR] /C:/Users/sree/Desktop/cms/src/main/java/com/cms/service/MediaService.java:[103,9] cannot find symbol
[ERROR]   symbol:   variable log
[ERROR]   location: class com.cms.service.MediaService
[ERROR] /C:/Users/sree/Desktop/cms/src/main/java/com/cms/service/MediaService.java:[103,61] cannot find symbol
[ERROR]   symbol:   method getId()
[ERROR]   location: variable savedMedia of type com.cms.entity.Media
[ERROR] /C:/Users/sree/Desktop/cms/src/main/java/com/cms/service/MediaService.java:[103,82] cannot find symbol
[ERROR]   symbol:   method getId()
[ERROR]   location: variable currentUser of type com.cms.security.UserPrincipal
[ERROR] /C:/Users/sree/Desktop/cms/src/main/java/com/cms/service/MediaService.java:[113,20] cannot find symbol
[ERROR]   symbol:   method getTitle()
[ERROR]   location: variable request of type com.cms.dto.request.MediaUpdateRequest
[ERROR] /C:/Users/sree/Desktop/cms/src/main/java/com/cms/service/MediaService.java:[114,35] cannot find symbol
[ERROR]   symbol:   method getTitle()
[ERROR]   location: variable request of type com.cms.dto.request.MediaUpdateRequest
[ERROR] /C:/Users/sree/Desktop/cms/src/main/java/com/cms/service/MediaService.java:[117,20] cannot find symbol
[ERROR]   symbol:   method getAltText()
[ERROR]   location: variable request of type com.cms.dto.request.MediaUpdateRequest
[ERROR] /C:/Users/sree/Desktop/cms/src/main/java/com/cms/service/MediaService.java:[118,37] cannot find symbol
[ERROR]   symbol:   method getAltText()
[ERROR]   location: variable request of type com.cms.dto.request.MediaUpdateRequest
[ERROR] /C:/Users/sree/Desktop/cms/src/main/java/com/cms/service/MediaService.java:[121,20] cannot find symbol
[ERROR]   symbol:   method getDescription()
[ERROR]   location: variable request of type com.cms.dto.request.MediaUpdateRequest
[ERROR] /C:/Users/sree/Desktop/cms/src/main/java/com/cms/service/MediaService.java:[122,41] cannot find symbol
[ERROR]   symbol:   method getDescription()
[ERROR]   location: variable request of type com.cms.dto.request.MediaUpdateRequest
[ERROR] /C:/Users/sree/Desktop/cms/src/main/java/com/cms/service/MediaService.java:[126,9] cannot find symbol
[ERROR]   symbol:   variable log
[ERROR]   location: class com.cms.service.MediaService
[ERROR] /C:/Users/sree/Desktop/cms/src/main/java/com/cms/service/MediaService.java:[126,49] cannot find symbol
[ERROR]   symbol:   method getId()
[ERROR]   location: variable savedMedia of type com.cms.entity.Media
[ERROR] /C:/Users/sree/Desktop/cms/src/main/java/com/cms/service/MediaService.java:[135,41] cannot find symbol
[ERROR]   symbol:   method getStoragePath()
[ERROR]   location: variable media of type com.cms.entity.Media
[ERROR] /C:/Users/sree/Desktop/cms/src/main/java/com/cms/service/MediaService.java:[144,36] cannot find symbol
[ERROR]   symbol:   method getStoragePath()
[ERROR]   location: variable media of type com.cms.entity.Media
[ERROR] /C:/Users/sree/Desktop/cms/src/main/java/com/cms/service/MediaService.java:[148,9] cannot find symbol
[ERROR]   symbol:   variable log
[ERROR]   location: class com.cms.service.MediaService
[ERROR] /C:/Users/sree/Desktop/cms/src/main/java/com/cms/entity/User.java:[70,38] cannot find symbol
[ERROR]   symbol:   method getPermissions()
[ERROR]   location: variable role of type com.cms.entity.Role
[ERROR] /C:/Users/sree/Desktop/cms/src/main/java/com/cms/entity/User.java:[71,51] cannot find symbol
[ERROR]   symbol:   method getName()
[ERROR]   location: variable permission of type java.lang.Object
[ERROR] /C:/Users/sree/Desktop/cms/src/main/java/com/cms/entity/User.java:[76,39] cannot find symbol
[ERROR]   symbol:   method getName()
[ERROR]   location: variable role of type com.cms.entity.Role
[ERROR] /C:/Users/sree/Desktop/cms/src/main/java/com/cms/dto/response/PageResponse.java:[27,28] cannot find symbol
[ERROR]   symbol:   method <T>builder()
[ERROR]   location: class com.cms.dto.response.PageResponse
[ERROR] /C:/Users/sree/Desktop/cms/src/main/java/com/cms/dto/response/MediaResponse.java:[48,46] cannot find symbol
[ERROR]   symbol:   method getId()
[ERROR]   location: variable media of type com.cms.entity.Media
[ERROR] /C:/Users/sree/Desktop/cms/src/main/java/com/cms/dto/response/MediaResponse.java:[41,29] cannot find symbol
[ERROR]   symbol:   method builder()
[ERROR]   location: class com.cms.dto.response.MediaResponse
[ERROR] /C:/Users/sree/Desktop/cms/src/main/java/com/cms/dto/response/MediaResponse.java:[42,26] cannot find symbol
[ERROR]   symbol:   method getId()
[ERROR]   location: variable media of type com.cms.entity.Media
[ERROR] /C:/Users/sree/Desktop/cms/src/main/java/com/cms/dto/response/MediaResponse.java:[43,32] cannot find symbol
[ERROR]   symbol:   method getFilename()
[ERROR]   location: variable media of type com.cms.entity.Media
[ERROR] /C:/Users/sree/Desktop/cms/src/main/java/com/cms/dto/response/MediaResponse.java:[44,36] cannot find symbol
[ERROR]   symbol:   method getOriginalName()
[ERROR]   location: variable media of type com.cms.entity.Media
[ERROR] /C:/Users/sree/Desktop/cms/src/main/java/com/cms/dto/response/MediaResponse.java:[45,32] cannot find symbol
[ERROR]   symbol:   method getMimeType()
[ERROR]   location: variable media of type com.cms.entity.Media
[ERROR] /C:/Users/sree/Desktop/cms/src/main/java/com/cms/dto/response/MediaResponse.java:[46,32] cannot find symbol
[ERROR]   symbol:   method getFileSize()
[ERROR]   location: variable media of type com.cms.entity.Media
[ERROR] /C:/Users/sree/Desktop/cms/src/main/java/com/cms/dto/response/MediaResponse.java:[49,31] cannot find symbol
[ERROR]   symbol:   method getAltText()
[ERROR]   location: variable media of type com.cms.entity.Media
[ERROR] /C:/Users/sree/Desktop/cms/src/main/java/com/cms/dto/response/MediaResponse.java:[50,29] cannot find symbol
[ERROR]   symbol:   method getTitle()
[ERROR]   location: variable media of type com.cms.entity.Media
[ERROR] /C:/Users/sree/Desktop/cms/src/main/java/com/cms/dto/response/MediaResponse.java:[51,35] cannot find symbol
[ERROR]   symbol:   method getDescription()
[ERROR]   location: variable media of type com.cms.entity.Media
[ERROR] /C:/Users/sree/Desktop/cms/src/main/java/com/cms/dto/response/MediaResponse.java:[52,39] cannot find symbol
[ERROR]   symbol:   method builder()
[ERROR]   location: class com.cms.dto.response.MediaResponse.UploaderInfo
[ERROR] /C:/Users/sree/Desktop/cms/src/main/java/com/cms/dto/response/MediaResponse.java:[53,34] cannot find symbol
[ERROR]   symbol:   method getUploader()
[ERROR]   location: variable media of type com.cms.entity.Media
[ERROR] /C:/Users/sree/Desktop/cms/src/main/java/com/cms/dto/response/MediaResponse.java:[54,40] cannot find symbol
[ERROR]   symbol:   method getUploader()
[ERROR]   location: variable media of type com.cms.entity.Media
[ERROR] /C:/Users/sree/Desktop/cms/src/main/java/com/cms/dto/response/MediaResponse.java:[55,43] cannot find symbol
[ERROR]   symbol:   method getUploader()
[ERROR]   location: variable media of type com.cms.entity.Media
[ERROR] /C:/Users/sree/Desktop/cms/src/main/java/com/cms/dto/response/MediaResponse.java:[57,33] cannot find symbol
[ERROR]   symbol:   method getCreatedAt()
[ERROR]   location: variable media of type com.cms.entity.Media
[ERROR] /C:/Users/sree/Desktop/cms/src/main/java/com/cms/security/UserPrincipal.java:[28,49] cannot find symbol
[ERROR]   symbol:   method getRoles()
[ERROR]   location: variable user of type com.cms.entity.User
[ERROR] /C:/Users/sree/Desktop/cms/src/main/java/com/cms/security/UserPrincipal.java:[42,21] cannot find symbol
[ERROR]   symbol:   method getIsActive()
[ERROR]   location: variable user of type com.cms.entity.User
[ERROR] /C:/Users/sree/Desktop/cms/src/main/java/com/cms/security/UserPrincipal.java:[41,21] cannot find symbol
[ERROR]   symbol:   method getPasswordHash()
[ERROR]   location: variable user of type com.cms.entity.User
[ERROR] /C:/Users/sree/Desktop/cms/src/main/java/com/cms/security/UserPrincipal.java:[40,21] cannot find symbol
[ERROR]   symbol:   method getUsername()
[ERROR]   location: variable user of type com.cms.entity.User
[ERROR] /C:/Users/sree/Desktop/cms/src/main/java/com/cms/security/UserPrincipal.java:[39,21] cannot find symbol
[ERROR]   symbol:   method getEmail()
[ERROR]   location: variable user of type com.cms.entity.User
[ERROR] /C:/Users/sree/Desktop/cms/src/main/java/com/cms/security/UserPrincipal.java:[38,21] cannot find symbol
[ERROR]   symbol:   method getId()
[ERROR]   location: variable user of type com.cms.entity.User
[ERROR] /C:/Users/sree/Desktop/cms/src/main/java/com/cms/entity/Role.java:[57,33] cannot find symbol
[ERROR]   symbol:   method getName()
[ERROR]   location: variable p of type com.cms.entity.Permission
[ERROR] /C:/Users/sree/Desktop/cms/src/main/java/com/cms/entity/Content.java:[108,39] cannot find symbol
[ERROR]   symbol:   method builder()
[ERROR]   location: class com.cms.entity.ContentMeta
[ERROR] /C:/Users/sree/Desktop/cms/src/main/java/com/cms/entity/Content.java:[118,31] cannot find symbol
[ERROR]   symbol:   method getMetaKey()
[ERROR]   location: variable m of type com.cms.entity.ContentMeta
[ERROR] /C:/Users/sree/Desktop/cms/src/main/java/com/cms/entity/Content.java:[120,22] invalid method reference
[ERROR]   cannot find symbol
[ERROR]     symbol:   method getMetaValue()
[ERROR]     location: class com.cms.entity.ContentMeta
[ERROR] /C:/Users/sree/Desktop/cms/src/main/java/com/cms/dto/response/ContentResponse.java:[51,31] cannot find symbol
[ERROR]   symbol:   method builder()
[ERROR]   location: class com.cms.dto.response.ContentResponse
[ERROR] /C:/Users/sree/Desktop/cms/src/main/java/com/cms/dto/response/ContentResponse.java:[52,28] cannot find symbol
[ERROR]   symbol:   method getId()
[ERROR]   location: variable content of type com.cms.entity.Content
[ERROR] /C:/Users/sree/Desktop/cms/src/main/java/com/cms/dto/response/ContentResponse.java:[53,30] cannot find symbol
[ERROR]   symbol:   method getType()
[ERROR]   location: variable content of type com.cms.entity.Content
[ERROR] /C:/Users/sree/Desktop/cms/src/main/java/com/cms/dto/response/ContentResponse.java:[54,31] cannot find symbol
[ERROR]   symbol:   method getTitle()
[ERROR]   location: variable content of type com.cms.entity.Content
[ERROR] /C:/Users/sree/Desktop/cms/src/main/java/com/cms/dto/response/ContentResponse.java:[55,30] cannot find symbol
[ERROR]   symbol:   method getSlug()
[ERROR]   location: variable content of type com.cms.entity.Content
[ERROR] /C:/Users/sree/Desktop/cms/src/main/java/com/cms/dto/response/ContentResponse.java:[56,33] cannot find symbol
[ERROR]   symbol:   method getExcerpt()
[ERROR]   location: variable content of type com.cms.entity.Content
[ERROR] /C:/Users/sree/Desktop/cms/src/main/java/com/cms/dto/response/ContentResponse.java:[57,37] cannot find symbol
[ERROR]   symbol:   method getContentHtml()
[ERROR]   location: variable content of type com.cms.entity.Content
[ERROR] /C:/Users/sree/Desktop/cms/src/main/java/com/cms/dto/response/ContentResponse.java:[58,37] cannot find symbol
[ERROR]   symbol:   method getContentJson()
[ERROR]   location: variable content of type com.cms.entity.Content
[ERROR] /C:/Users/sree/Desktop/cms/src/main/java/com/cms/dto/response/ContentResponse.java:[59,39] cannot find symbol
[ERROR]   symbol:   method getFeaturedImage()
[ERROR]   location: variable content of type com.cms.entity.Content
[ERROR] /C:/Users/sree/Desktop/cms/src/main/java/com/cms/dto/response/ContentResponse.java:[59,101] cannot find symbol
[ERROR]   symbol:   method getFeaturedImage()
[ERROR]   location: variable content of type com.cms.entity.Content
[ERROR] /C:/Users/sree/Desktop/cms/src/main/java/com/cms/dto/response/ContentResponse.java:[61,32] cannot find symbol
[ERROR]   symbol:   method getStatus()
[ERROR]   location: variable content of type com.cms.entity.Content
[ERROR] /C:/Users/sree/Desktop/cms/src/main/java/com/cms/dto/response/ContentResponse.java:[62,35] cannot find symbol
[ERROR]   symbol:   method builder()
[ERROR]   location: class com.cms.dto.response.ContentResponse.AuthorInfo
[ERROR] /C:/Users/sree/Desktop/cms/src/main/java/com/cms/dto/response/ContentResponse.java:[63,36] cannot find symbol
[ERROR]   symbol:   method getAuthor()
[ERROR]   location: variable content of type com.cms.entity.Content
[ERROR] /C:/Users/sree/Desktop/cms/src/main/java/com/cms/dto/response/ContentResponse.java:[64,42] cannot find symbol
[ERROR]   symbol:   method getAuthor()
[ERROR]   location: variable content of type com.cms.entity.Content
[ERROR] /C:/Users/sree/Desktop/cms/src/main/java/com/cms/dto/response/ContentResponse.java:[65,45] cannot find symbol
[ERROR]   symbol:   method getAuthor()
[ERROR]   location: variable content of type com.cms.entity.Content
[ERROR] /C:/Users/sree/Desktop/cms/src/main/java/com/cms/dto/response/ContentResponse.java:[66,43] cannot find symbol
[ERROR]   symbol:   method getAuthor()
[ERROR]   location: variable content of type com.cms.entity.Content
[ERROR] /C:/Users/sree/Desktop/cms/src/main/java/com/cms/dto/response/ContentResponse.java:[68,36] cannot find symbol
[ERROR]   symbol:   method getCategories()
[ERROR]   location: variable content of type com.cms.entity.Content
[ERROR] /C:/Users/sree/Desktop/cms/src/main/java/com/cms/dto/response/ContentResponse.java:[71,30] cannot find symbol
[ERROR]   symbol:   method getTags()
[ERROR]   location: variable content of type com.cms.entity.Content
[ERROR] /C:/Users/sree/Desktop/cms/src/main/java/com/cms/dto/response/ContentResponse.java:[74,36] cannot find symbol
[ERROR]   symbol:   method getMetaFields()
[ERROR]   location: variable content of type com.cms.entity.Content
[ERROR] /C:/Users/sree/Desktop/cms/src/main/java/com/cms/dto/response/ContentResponse.java:[76,39] cannot find symbol
[ERROR]   symbol:   method getMetaKey()
[ERROR]   location: variable m of type java.lang.Object
[ERROR] /C:/Users/sree/Desktop/cms/src/main/java/com/cms/dto/response/ContentResponse.java:[77,39] cannot find symbol
[ERROR]   symbol:   method getMetaValue()
[ERROR]   location: variable m of type java.lang.Object
[ERROR] /C:/Users/sree/Desktop/cms/src/main/java/com/cms/dto/response/ContentResponse.java:[77,66] cannot find symbol
[ERROR]   symbol:   method getMetaValue()
[ERROR]   location: variable m of type java.lang.Object
[ERROR] /C:/Users/sree/Desktop/cms/src/main/java/com/cms/dto/response/ContentResponse.java:[78,37] cannot find symbol
[ERROR]   symbol:   method getPublishedAt()
[ERROR]   location: variable content of type com.cms.entity.Content
[ERROR] /C:/Users/sree/Desktop/cms/src/main/java/com/cms/dto/response/ContentResponse.java:[79,35] cannot find symbol
[ERROR]   symbol:   method getCreatedAt()
[ERROR]   location: variable content of type com.cms.entity.Content
[ERROR] /C:/Users/sree/Desktop/cms/src/main/java/com/cms/dto/response/ContentResponse.java:[80,35] cannot find symbol
[ERROR]   symbol:   method getUpdatedAt()
[ERROR]   location: variable content of type com.cms.entity.Content
[ERROR] /C:/Users/sree/Desktop/cms/src/main/java/com/cms/dto/response/ContentResponse.java:[85,31] cannot find symbol
[ERROR]   symbol:   method builder()
[ERROR]   location: class com.cms.dto.response.ContentResponse
[ERROR] /C:/Users/sree/Desktop/cms/src/main/java/com/cms/dto/response/ContentResponse.java:[86,28] cannot find symbol
[ERROR]   symbol:   method getId()
[ERROR]   location: variable content of type com.cms.entity.Content
[ERROR] /C:/Users/sree/Desktop/cms/src/main/java/com/cms/dto/response/ContentResponse.java:[87,30] cannot find symbol
[ERROR]   symbol:   method getType()
[ERROR]   location: variable content of type com.cms.entity.Content
[ERROR] /C:/Users/sree/Desktop/cms/src/main/java/com/cms/dto/response/ContentResponse.java:[88,31] cannot find symbol
[ERROR]   symbol:   method getTitle()
[ERROR]   location: variable content of type com.cms.entity.Content
[ERROR] /C:/Users/sree/Desktop/cms/src/main/java/com/cms/dto/response/ContentResponse.java:[89,30] cannot find symbol
[ERROR]   symbol:   method getSlug()
[ERROR]   location: variable content of type com.cms.entity.Content
[ERROR] /C:/Users/sree/Desktop/cms/src/main/java/com/cms/dto/response/ContentResponse.java:[90,33] cannot find symbol
[ERROR]   symbol:   method getExcerpt()
[ERROR]   location: variable content of type com.cms.entity.Content
[ERROR] /C:/Users/sree/Desktop/cms/src/main/java/com/cms/dto/response/ContentResponse.java:[91,39] cannot find symbol
[ERROR]   symbol:   method getFeaturedImage()
[ERROR]   location: variable content of type com.cms.entity.Content
[ERROR] /C:/Users/sree/Desktop/cms/src/main/java/com/cms/dto/response/ContentResponse.java:[91,101] cannot find symbol
[ERROR]   symbol:   method getFeaturedImage()
[ERROR]   location: variable content of type com.cms.entity.Content
[ERROR] /C:/Users/sree/Desktop/cms/src/main/java/com/cms/dto/response/ContentResponse.java:[93,32] cannot find symbol
[ERROR]   symbol:   method getStatus()
[ERROR]   location: variable content of type com.cms.entity.Content
[ERROR] /C:/Users/sree/Desktop/cms/src/main/java/com/cms/dto/response/ContentResponse.java:[94,35] cannot find symbol
[ERROR]   symbol:   method builder()
[ERROR]   location: class com.cms.dto.response.ContentResponse.AuthorInfo
[ERROR] /C:/Users/sree/Desktop/cms/src/main/java/com/cms/dto/response/ContentResponse.java:[95,36] cannot find symbol
[ERROR]   symbol:   method getAuthor()
[ERROR]   location: variable content of type com.cms.entity.Content
[ERROR] /C:/Users/sree/Desktop/cms/src/main/java/com/cms/dto/response/ContentResponse.java:[96,42] cannot find symbol
[ERROR]   symbol:   method getAuthor()
[ERROR]   location: variable content of type com.cms.entity.Content
[ERROR] /C:/Users/sree/Desktop/cms/src/main/java/com/cms/dto/response/ContentResponse.java:[97,45] cannot find symbol
[ERROR]   symbol:   method getAuthor()
[ERROR]   location: variable content of type com.cms.entity.Content
[ERROR] /C:/Users/sree/Desktop/cms/src/main/java/com/cms/dto/response/ContentResponse.java:[99,37] cannot find symbol
[ERROR]   symbol:   method getPublishedAt()
[ERROR]   location: variable content of type com.cms.entity.Content
[ERROR] /C:/Users/sree/Desktop/cms/src/main/java/com/cms/dto/response/ContentResponse.java:[100,35] cannot find symbol
[ERROR]   symbol:   method getCreatedAt()
[ERROR]   location: variable content of type com.cms.entity.Content
[ERROR] /C:/Users/sree/Desktop/cms/src/main/java/com/cms/dto/response/ContentResponse.java:[101,35] cannot find symbol
[ERROR]   symbol:   method getUpdatedAt()
[ERROR]   location: variable content of type com.cms.entity.Content
[ERROR] /C:/Users/sree/Desktop/cms/src/main/java/com/cms/dto/response/CategoryResponse.java:[29,32] cannot find symbol
[ERROR]   symbol:   method builder()
[ERROR]   location: class com.cms.dto.response.CategoryResponse
[ERROR] /C:/Users/sree/Desktop/cms/src/main/java/com/cms/dto/response/CategoryResponse.java:[30,29] cannot find symbol
[ERROR]   symbol:   method getId()
[ERROR]   location: variable category of type com.cms.entity.Category
[ERROR] /C:/Users/sree/Desktop/cms/src/main/java/com/cms/dto/response/CategoryResponse.java:[31,31] cannot find symbol
[ERROR]   symbol:   method getName()
[ERROR]   location: variable category of type com.cms.entity.Category
[ERROR] /C:/Users/sree/Desktop/cms/src/main/java/com/cms/dto/response/CategoryResponse.java:[32,31] cannot find symbol
[ERROR]   symbol:   method getSlug()
[ERROR]   location: variable category of type com.cms.entity.Category
[ERROR] /C:/Users/sree/Desktop/cms/src/main/java/com/cms/dto/response/CategoryResponse.java:[33,38] cannot find symbol
[ERROR]   symbol:   method getDescription()
[ERROR]   location: variable category of type com.cms.entity.Category
[ERROR] /C:/Users/sree/Desktop/cms/src/main/java/com/cms/dto/response/CategoryResponse.java:[34,35] cannot find symbol
[ERROR]   symbol:   method getParent()
[ERROR]   location: variable category of type com.cms.entity.Category
[ERROR] /C:/Users/sree/Desktop/cms/src/main/java/com/cms/dto/response/CategoryResponse.java:[34,66] cannot find symbol
[ERROR]   symbol:   method getParent()
[ERROR]   location: variable category of type com.cms.entity.Category
[ERROR] /C:/Users/sree/Desktop/cms/src/main/java/com/cms/dto/response/CategoryResponse.java:[35,36] cannot find symbol
[ERROR]   symbol:   method getSortOrder()
[ERROR]   location: variable category of type com.cms.entity.Category
[ERROR] /C:/Users/sree/Desktop/cms/src/main/java/com/cms/dto/response/CategoryResponse.java:[36,36] cannot find symbol
[ERROR]   symbol:   method getCreatedAt()
[ERROR]   location: variable category of type com.cms.entity.Category
[ERROR] /C:/Users/sree/Desktop/cms/src/main/java/com/cms/dto/response/CategoryResponse.java:[41,32] cannot find symbol
[ERROR]   symbol:   method builder()
[ERROR]   location: class com.cms.dto.response.CategoryResponse
[ERROR] /C:/Users/sree/Desktop/cms/src/main/java/com/cms/dto/response/CategoryResponse.java:[42,29] cannot find symbol
[ERROR]   symbol:   method getId()
[ERROR]   location: variable category of type com.cms.entity.Category
[ERROR] /C:/Users/sree/Desktop/cms/src/main/java/com/cms/dto/response/CategoryResponse.java:[43,31] cannot find symbol
[ERROR]   symbol:   method getName()
[ERROR]   location: variable category of type com.cms.entity.Category
[ERROR] /C:/Users/sree/Desktop/cms/src/main/java/com/cms/dto/response/CategoryResponse.java:[44,31] cannot find symbol
[ERROR]   symbol:   method getSlug()
[ERROR]   location: variable category of type com.cms.entity.Category
[ERROR] -> [Help 1]
[ERROR] 
[ERROR] To see the full stack trace of the errors, re-run Maven with the -e switch.
[ERROR] Re-run Maven using the -X switch to enable full debug logging.
[ERROR] 
[ERROR] For more information about the errors and possible solutions, please read the following articles:
[ERROR] [Help 1] http://cwiki.apache.org/confluence/display/MAVEN/MojoFailureException
